\BOOKMARK [1][-]{section*.1}{\376\377\000=\000I\000.\000\040\000I\000N\000T\000R\000O\000D\000U\000C\000T\000I\000O\000N}{}% 1
\BOOKMARK [0][-]{section*.1}{\376\377\000I\000.\000\040\000I\000N\000T\000R\000O\000D\000U\000C\000T\000I\000O\000N}{}% 2
\BOOKMARK [1][-]{section.1}{\376\377\000O\000v\000e\000r\000v\000i\000e\000w}{section*.1}% 3
\BOOKMARK [2][-]{subsection.1.1}{\376\377\000P\000r\000o\000j\000e\000c\000t\000\040\000I\000n\000f\000o\000r\000m\000a\000t\000i\000o\000n}{section.1}% 4
\BOOKMARK [2][-]{subsection.1.2}{\376\377\000P\000r\000o\000j\000e\000c\000t\000\040\000t\000e\000a\000m}{section.1}% 5
\BOOKMARK [1][-]{section.2}{\376\377\000P\000r\000o\000j\000e\000c\000t\000\040\000S\000c\000o\000p\000e\000\040\000a\000n\000d\000\040\000L\000i\000m\000i\000t\000a\000t\000i\000o\000n\000s}{section*.1}% 6
\BOOKMARK [2][-]{subsection.2.1}{\376\377\000M\000a\000j\000o\000r\000\040\000F\000e\000a\000t\000u\000r\000e\000s}{section.2}% 7
\BOOKMARK [3][-]{subsubsection.2.1.1}{\376\377\000M\000a\000j\000o\000r\000\040\000F\000e\000a\000t\000u\000r\000e\000s\000\040\000f\000o\000r\000\040\000U\000s\000e\000r}{subsection.2.1}% 8
\BOOKMARK [3][-]{subsubsection.2.1.2}{\376\377\000M\000a\000j\000o\000r\000\040\000F\000e\000a\000t\000u\000r\000e\000s\000\040\000f\000o\000r\000\040\000A\000d\000m\000i\000n\000i\000s\000t\000r\000a\000t\000o\000r}{subsection.2.1}% 9
\BOOKMARK [2][-]{subsection.2.2}{\376\377\000P\000r\000o\000j\000e\000c\000t\000\040\000L\000i\000m\000i\000t\000a\000t\000i\000o\000n\000s}{section.2}% 10
\BOOKMARK [3][-]{subsubsection.2.2.1}{\376\377\000L\000i\000m\000i\000t\000e\000d\000\040\000U\000s\000e\000\040\000o\000f\000\040\000F\000u\000l\000l\000-\000T\000e\000x\000t\000\040\000D\000a\000t\000a}{subsection.2.2}% 11
\BOOKMARK [3][-]{subsubsection.2.2.2}{\376\377\000D\000e\000p\000e\000n\000d\000e\000n\000c\000e\000\040\000o\000n\000\040\000E\000x\000t\000e\000r\000n\000a\000l\000\040\000A\000P\000I\000s}{subsection.2.2}% 12
\BOOKMARK [3][-]{subsubsection.2.2.3}{\376\377\000S\000i\000m\000p\000l\000i\000f\000i\000e\000d\000\040\000T\000r\000e\000n\000d\000\040\000A\000n\000a\000l\000y\000s\000i\000s\000\040\000a\000n\000d\000\040\000U\000p\000d\000a\000t\000e\000\040\000F\000r\000e\000q\000u\000e\000n\000c\000y}{subsection.2.2}% 13
\BOOKMARK [1][-]{section*.2}{\376\377\000=\000I\000I\000.\000\040\000P\000R\000O\000J\000E\000C\000T\000\040\000M\000A\000N\000A\000G\000E\000M\000E\000N\000T\000\040\000P\000L\000A\000N}{section*.1}% 14
\BOOKMARK [0][-]{section*.2}{\376\377\000I\000I\000.\000\040\000P\000R\000O\000J\000E\000C\000T\000\040\000M\000A\000N\000A\000G\000E\000M\000E\000N\000T\000\040\000P\000L\000A\000N}{}% 15
\BOOKMARK [0][-]{section*.2}{\376\377\000\040\000I\000I\000.\000\040\000P\000R\000O\000J\000E\000C\000T\000\040\000M\000A\000N\000A\000G\000E\000M\000E\000N\000T\000\040\000P\000L\000A\000N}{}% 16
\BOOKMARK [1][-]{section.1}{\376\377\000O\000v\000e\000r\000v\000i\000e\000w}{section*.2}% 17
\BOOKMARK [2][-]{subsection.1.1}{\376\377\000S\000c\000o\000p\000e\000\040\000a\000n\000d\000\040\000e\000s\000t\000i\000m\000a\000t\000i\000o\000n}{section.1}% 18
\BOOKMARK [2][-]{subsection.1.2}{\376\377\000P\000r\000o\000j\000e\000c\000t\000\040\000O\000b\000j\000e\000c\000t\000i\000v\000e}{section.1}% 19
\BOOKMARK [2][-]{subsection.1.3}{\376\377\000P\000r\000o\000j\000e\000c\000t\000\040\000R\000i\000s\000k\000s}{section.1}% 20
\BOOKMARK [1][-]{section.2}{\376\377\000P\000r\000o\000j\000e\000c\000t\000\040\000D\000e\000l\000i\000v\000e\000r\000a\000b\000l\000e\000s}{section*.2}% 21
\BOOKMARK [1][-]{section.3}{\376\377\000R\000e\000s\000p\000o\000n\000s\000i\000b\000i\000l\000i\000t\000y\000\040\000A\000s\000s\000i\000g\000n\000m\000e\000n\000t}{section*.2}% 22
\BOOKMARK [1][-]{section.4}{\376\377\000P\000r\000o\000j\000e\000c\000t\000\040\000C\000o\000m\000m\000u\000n\000i\000c\000a\000t\000i\000o\000n\000s}{section*.2}% 23
\BOOKMARK [1][-]{section.5}{\376\377\000C\000o\000n\000f\000i\000g\000u\000r\000a\000t\000i\000o\000n\000\040\000M\000a\000n\000a\000g\000e\000m\000e\000n\000t}{section*.2}% 24
\BOOKMARK [2][-]{subsection.5.1}{\376\377\000D\000o\000c\000u\000m\000e\000n\000t\000\040\000M\000a\000n\000a\000g\000e\000m\000e\000n\000t}{section.5}% 25
\BOOKMARK [2][-]{subsection.5.2}{\376\377\000S\000o\000u\000r\000c\000e\000\040\000C\000o\000d\000e\000\040\000M\000a\000n\000a\000g\000e\000m\000e\000n\000t}{section.5}% 26
\BOOKMARK [2][-]{subsection.5.3}{\376\377\000T\000o\000o\000l\000s\000\040\000\046\000\040\000I\000n\000f\000r\000a\000s\000t\000r\000u\000c\000t\000u\000r\000e}{section.5}% 27
\BOOKMARK [1][-]{section*.3}{\376\377\000=\000I\000I\000I\000.\000\040\000S\000O\000F\000T\000W\000A\000R\000E\000\040\000R\000E\000Q\000U\000I\000R\000E\000M\000E\000N\000T\000\040\000S\000P\000E\000C\000I\000F\000I\000C\000A\000T\000I\000O\000N}{section*.2}% 28
\BOOKMARK [0][-]{section*.3}{\376\377\000\040\000I\000I\000I\000.\000\040\000S\000O\000F\000T\000W\000A\000R\000E\000\040\000R\000E\000Q\000U\000I\000R\000E\000M\000E\000N\000T\000\040\000S\000P\000E\000C\000I\000F\000I\000C\000A\000T\000I\000O\000N}{}% 29
\BOOKMARK [1][-]{section.1}{\376\377\000P\000r\000o\000d\000u\000c\000t\000\040\000O\000v\000e\000r\000v\000i\000e\000w}{section*.3}% 30
\BOOKMARK [1][-]{section.2}{\376\377\000U\000s\000e\000r\000\040\000R\000e\000q\000u\000i\000r\000e\000m\000e\000n\000t\000s}{section*.3}% 31
\BOOKMARK [2][-]{subsection.2.1}{\376\377\000A\000c\000t\000o\000r\000s}{section.2}% 32
\BOOKMARK [2][-]{subsection.2.2}{\376\377\000U\000s\000e\000\040\000C\000a\000s\000e\000\040\000D\000i\000a\000g\000r\000a\000m\000s}{section.2}% 33
\BOOKMARK [3][-]{subsubsection.2.2.1}{\376\377\000D\000i\000a\000g\000r\000a\000m}{subsection.2.2}% 34
\BOOKMARK [3][-]{subsubsection.2.2.2}{\376\377\000U\000s\000e\000\040\000C\000a\000s\000e\000\040\000D\000e\000s\000c\000r\000i\000p\000t\000i\000o\000n\000s}{subsection.2.2}% 35
\BOOKMARK [1][-]{section.3}{\376\377\000F\000u\000n\000c\000t\000i\000o\000n\000a\000l\000\040\000R\000e\000q\000u\000i\000r\000e\000m\000e\000n\000t}{section*.3}% 36
\BOOKMARK [2][-]{subsection.3.1}{\376\377\000S\000y\000s\000t\000e\000m\000\040\000F\000u\000n\000c\000t\000i\000o\000n\000a\000l\000\040\000O\000v\000e\000r\000v\000i\000e\000w}{section.3}% 37
\BOOKMARK [3][-]{subsubsection.3.1.1}{\376\377\000S\000c\000r\000e\000e\000n\000s\000\040\000F\000l\000o\000w}{subsection.3.1}% 38
\BOOKMARK [3][-]{subsubsection.3.1.2}{\376\377\000S\000c\000r\000e\000e\000n\000\040\000A\000u\000t\000h\000o\000r\000i\000z\000a\000t\000i\000o\000n}{subsection.3.1}% 39
\BOOKMARK [3][-]{subsubsection.3.1.3}{\376\377\000N\000o\000n\000-\000S\000c\000r\000e\000e\000n\000\040\000F\000u\000n\000c\000t\000i\000o\000n\000s}{subsection.3.1}% 40
\BOOKMARK [2][-]{subsection.3.2}{\376\377\000\040\000E\000n\000t\000i\000t\000y\000\040\000R\000e\000l\000a\000t\000i\000o\000n\000s\000h\000i\000p\000\040\000D\000i\000a\000g\000r\000a\000m\000\040}{section.3}% 41
\BOOKMARK [2][-]{subsection.3.3}{\376\377\000A\000u\000t\000h\000e\000n\000t\000i\000c\000a\000t\000i\000o\000n}{section.3}% 42
\BOOKMARK [3][-]{subsubsection.3.3.1}{\376\377\000\040\000R\000e\000g\000i\000s\000t\000e\000r\000\040}{subsection.3.3}% 43
\BOOKMARK [3][-]{subsubsection.3.3.2}{\376\377\000L\000o\000g\000i\000n}{subsection.3.3}% 44
\BOOKMARK [3][-]{subsubsection.3.3.3}{\376\377\000\040\000P\000r\000o\000f\000i\000l\000e\000\040\000M\000a\000n\000a\000g\000e\000m\000e\000n\000t\000\040}{subsection.3.3}% 45
\BOOKMARK [3][-]{subsubsection.3.3.4}{\376\377\000\040\000L\000o\000g\000o\000u\000t\000\040}{subsection.3.3}% 46
\BOOKMARK [3][-]{subsubsection.3.3.5}{\376\377\000S\000e\000a\000r\000c\000h\000\040\000P\000a\000p\000e\000r\000s}{subsection.3.3}% 47
\BOOKMARK [3][-]{subsubsection.3.3.6}{\376\377\000S\000e\000a\000r\000c\000h\000\040\000P\000a\000p\000e\000r\000s}{subsection.3.3}% 48
\BOOKMARK [3][-]{subsubsection.3.3.7}{\376\377\000B\000o\000o\000k\000m\000a\000r\000k}{subsection.3.3}% 49
\BOOKMARK [3][-]{subsubsection.3.3.8}{\376\377\000R\000e\000s\000e\000a\000r\000c\000h\000\040\000T\000r\000e\000n\000d\000\040\000A\000n\000a\000l\000y\000s\000i\000s}{subsection.3.3}% 50
\BOOKMARK [3][-]{subsubsection.3.3.9}{\376\377\000E\000x\000p\000o\000r\000t\000\040\000R\000e\000s\000e\000a\000r\000c\000h\000\040\000T\000r\000e\000n\000d\000\040\000R\000e\000p\000o\000r\000t}{subsection.3.3}% 51
\BOOKMARK [3][-]{subsubsection.3.3.10}{\376\377\000F\000o\000l\000l\000o\000w\000\040\000T\000o\000p\000i\000c}{subsection.3.3}% 52
\BOOKMARK [3][-]{subsubsection.3.3.11}{\376\377\000R\000e\000c\000e\000i\000v\000e\000\040\000N\000o\000t\000i\000f\000i\000c\000a\000t\000i\000o\000n\000s}{subsection.3.3}% 53
\BOOKMARK [3][-]{subsubsection.3.3.12}{\376\377\000A\000d\000m\000i\000n\000\040\000-\000\040\000U\000s\000e\000r\000\040\000M\000a\000n\000a\000g\000e\000m\000e\000n\000t}{subsection.3.3}% 54
\BOOKMARK [3][-]{subsubsection.3.3.13}{\376\377\000A\000d\000m\000i\000n\000\040\000-\000\040\000T\000o\000p\000i\000c\000\040\000M\000a\000n\000a\000g\000e\000m\000e\000n\000t}{subsection.3.3}% 55
\BOOKMARK [3][-]{subsubsection.3.3.14}{\376\377\000A\000d\000m\000i\000n\000\040\000-\000\040\000A\000P\000I\000\040\000S\000o\000u\000r\000c\000e\000\040\000M\000a\000n\000a\000g\000e\000m\000e\000n\000t}{subsection.3.3}% 56
\BOOKMARK [3][-]{subsubsection.3.3.15}{\376\377\000A\000d\000m\000i\000n\000\040\000-\000\040\000A\000P\000I\000\040\000D\000a\000t\000a\000\040\000S\000y\000n\000c\000h\000r\000o\000n\000i\000z\000a\000t\000i\000o\000n}{subsection.3.3}% 57
\BOOKMARK [3][-]{subsubsection.3.3.16}{\376\377\000A\000d\000m\000i\000n\000\040\000-\000\040\000R\000e\000s\000e\000a\000r\000c\000h\000\040\000P\000a\000p\000e\000r\000\040\000M\000a\000n\000a\000g\000e\000m\000e\000n\000t}{subsection.3.3}% 58
\BOOKMARK [3][-]{subsubsection.3.3.17}{\376\377\000A\000d\000m\000i\000n\000\040\000-\000\040\000N\000o\000t\000i\000f\000i\000c\000a\000t\000i\000o\000n\000\040\000M\000a\000n\000a\000g\000e\000m\000e\000n\000t}{subsection.3.3}% 59
\BOOKMARK [1][-]{section*.4}{\376\377\000=\000I\000V\000.\000\040\000S\000o\000f\000t\000w\000a\000r\000e\000\040\000D\000e\000s\000i\000g\000n\000\040\000D\000e\000s\000c\000r\000i\000p\000t\000i\000o\000n}{section*.3}% 60
\BOOKMARK [0][-]{section*.4}{\376\377\000\040\000I\000V\000.\000\040\000S\000o\000f\000t\000w\000a\000r\000e\000\040\000D\000e\000s\000i\000g\000n\000\040\000D\000e\000s\000c\000r\000i\000p\000t\000i\000o\000n}{}% 61
\BOOKMARK [1][-]{section.1}{\376\377\000S\000y\000s\000t\000e\000m\000\040\000D\000e\000s\000i\000g\000n}{section*.4}% 62
\BOOKMARK [2][-]{subsection.1.1}{\376\377\000S\000y\000s\000t\000e\000m\000\040\000A\000r\000c\000h\000i\000t\000e\000c\000t\000u\000r\000e}{section.1}% 63
\BOOKMARK [3][-]{subsubsection.1.1.1}{\376\377\000F\000r\000o\000n\000t\000e\000n\000d\000\040\000A\000p\000p}{subsection.1.1}% 64
\BOOKMARK [3][-]{subsubsection.1.1.2}{\376\377\000B\000a\000c\000k\000e\000n\000d\000\040\000S\000y\000s\000t\000e\000m}{subsection.1.1}% 65
\BOOKMARK [3][-]{subsubsection.1.1.3}{\376\377\000E\000x\000t\000e\000r\000n\000a\000l\000\040\000S\000y\000s\000t\000e\000m\000s}{subsection.1.1}% 66
\BOOKMARK [2][-]{subsection.1.2}{\376\377\000P\000a\000c\000k\000a\000g\000e\000\040\000D\000i\000a\000g\000r\000a\000m}{section.1}% 67
\BOOKMARK [3][-]{subsubsection.1.2.1}{\376\377\000F\000r\000o\000n\000t\000\040\000E\000n\000d\000\040}{subsection.1.2}% 68
\BOOKMARK [3][-]{subsubsection.1.2.2}{\376\377\000B\000a\000c\000k\000\040\000E\000n\000d\000\040}{subsection.1.2}% 69
\BOOKMARK [1][-]{section.2}{\376\377\000D\000a\000t\000a\000b\000a\000s\000e\000\040\000D\000e\000s\000i\000g\000n}{section*.4}% 70
\BOOKMARK [2][-]{subsection.2.1}{\376\377\000R\000o\000l\000e\000\040\000T\000a\000b\000l\000e}{section.2}% 71
\BOOKMARK [2][-]{subsection.2.2}{\376\377\000U\000s\000e\000r\000\040\000T\000a\000b\000l\000e}{section.2}% 72
\BOOKMARK [2][-]{subsection.2.3}{\376\377\000J\000o\000u\000r\000n\000a\000l\000\040\000T\000a\000b\000l\000e}{section.2}% 73
\BOOKMARK [2][-]{subsection.2.4}{\376\377\000U\000s\000e\000r\000F\000o\000l\000l\000o\000w\000J\000o\000u\000r\000n\000a\000l\000\040\000\050\000M\000:\000N\000\051}{section.2}% 74
\BOOKMARK [2][-]{subsection.2.5}{\376\377\000T\000o\000p\000i\000c\000\040\000T\000a\000b\000l\000e}{section.2}% 75
\BOOKMARK [2][-]{subsection.2.6}{\376\377\000U\000s\000e\000r\000F\000o\000l\000l\000o\000w\000T\000o\000p\000i\000c\000\040\000\050\000M\000:\000N\000\051}{section.2}% 76
\BOOKMARK [2][-]{subsection.2.7}{\376\377\000A\000P\000I\000S\000o\000u\000r\000c\000e\000\040\000T\000a\000b\000l\000e}{section.2}% 77
\BOOKMARK [2][-]{subsection.2.8}{\376\377\000A\000u\000t\000h\000o\000r\000\040\000T\000a\000b\000l\000e}{section.2}% 78
\BOOKMARK [2][-]{subsection.2.9}{\376\377\000K\000e\000y\000w\000o\000r\000d\000\040\000T\000a\000b\000l\000e}{section.2}% 79
\BOOKMARK [2][-]{subsection.2.10}{\376\377\000R\000e\000s\000e\000a\000r\000c\000h\000\040\000P\000a\000p\000e\000r\000\040\000T\000a\000b\000l\000e}{section.2}% 80
\BOOKMARK [2][-]{subsection.2.11}{\376\377\000P\000a\000p\000e\000r\000T\000o\000p\000i\000c\000\040\000\050\000M\000:\000N\000\051}{section.2}% 81
\BOOKMARK [2][-]{subsection.2.12}{\376\377\000P\000a\000p\000e\000r\000K\000e\000y\000w\000o\000r\000d\000\040\000\050\000M\000:\000N\000\051}{section.2}% 82
\BOOKMARK [2][-]{subsection.2.13}{\376\377\000P\000a\000p\000e\000r\000A\000u\000t\000h\000o\000r\000\040\000\050\000M\000:\000N\000\051}{section.2}% 83
\BOOKMARK [2][-]{subsection.2.14}{\376\377\000P\000u\000b\000l\000i\000c\000a\000t\000i\000o\000n\000T\000r\000e\000n\000d\000\040\000T\000a\000b\000l\000e}{section.2}% 84
\BOOKMARK [2][-]{subsection.2.15}{\376\377\000R\000e\000p\000o\000r\000t\000\040\000T\000a\000b\000l\000e}{section.2}% 85
\BOOKMARK [2][-]{subsection.2.16}{\376\377\000N\000o\000t\000i\000f\000i\000c\000a\000t\000i\000o\000n\000\040\000T\000a\000b\000l\000e}{section.2}% 86
\BOOKMARK [2][-]{subsection.2.17}{\376\377\000N\000o\000t\000i\000f\000i\000c\000a\000t\000i\000o\000n\000P\000a\000p\000e\000r\000\040\000\050\000M\000:\000N\000\051}{section.2}% 87
\BOOKMARK [2][-]{subsection.2.18}{\376\377\000B\000o\000o\000k\000m\000a\000r\000k\000\040\000T\000a\000b\000l\000e}{section.2}% 88
\BOOKMARK [1][-]{section.3}{\376\377\000\040\000D\000e\000t\000a\000i\000l\000\040\000D\000e\000s\000i\000g\000n}{section*.4}% 89
\BOOKMARK [2][-]{subsection.3.1}{\376\377\000R\000e\000g\000i\000s\000t\000e\000r}{section.3}% 90
\BOOKMARK [3][-]{subsubsection.3.1.1}{\376\377\000C\000l\000a\000s\000s\000\040\000D\000i\000a\000g\000r\000a\000m}{subsection.3.1}% 91
\BOOKMARK [3][-]{subsubsection.3.1.2}{\376\377\000S\000e\000q\000u\000e\000n\000c\000e\000\040\000D\000i\000a\000g\000r\000a\000m}{subsection.3.1}% 92
\BOOKMARK [2][-]{subsection.3.2}{\376\377\000L\000o\000g\000i\000n}{section.3}% 93
\BOOKMARK [3][-]{subsubsection.3.2.1}{\376\377\000C\000l\000a\000s\000s\000\040\000D\000i\000a\000g\000r\000a\000m}{subsection.3.2}% 94
\BOOKMARK [3][-]{subsubsection.3.2.2}{\376\377\000S\000e\000q\000u\000e\000n\000c\000e\000\040\000D\000i\000a\000g\000r\000a\000m}{subsection.3.2}% 95
\BOOKMARK [2][-]{subsection.3.3}{\376\377\000S\000e\000a\000r\000c\000h\000\040\000R\000e\000s\000e\000a\000r\000c\000h\000\040\000P\000a\000p\000e\000r\000s}{section.3}% 96
\BOOKMARK [3][-]{subsubsection.3.3.1}{\376\377\000C\000l\000a\000s\000s\000\040\000D\000i\000a\000g\000r\000a\000m}{subsection.3.3}% 97
\BOOKMARK [3][-]{subsubsection.3.3.2}{\376\377\000S\000e\000q\000u\000e\000n\000c\000e\000\040\000D\000i\000a\000g\000r\000a\000m}{subsection.3.3}% 98
\BOOKMARK [2][-]{subsection.3.4}{\376\377\000V\000i\000e\000w\000\040\000P\000a\000p\000e\000r\000\040\000D\000e\000t\000a\000i\000l\000s}{section.3}% 99
\BOOKMARK [3][-]{subsubsection.3.4.1}{\376\377\000C\000l\000a\000s\000s\000\040\000D\000i\000a\000g\000r\000a\000m}{subsection.3.4}% 100
\BOOKMARK [3][-]{subsubsection.3.4.2}{\376\377\000S\000e\000q\000u\000e\000n\000c\000e\000\040\000D\000i\000a\000g\000r\000a\000m}{subsection.3.4}% 101
\BOOKMARK [2][-]{subsection.3.5}{\376\377\000S\000a\000v\000e\000\040\000B\000o\000o\000k\000m\000a\000r\000k\000s}{section.3}% 102
\BOOKMARK [3][-]{subsubsection.3.5.1}{\376\377\000C\000l\000a\000s\000s\000\040\000D\000i\000a\000g\000r\000a\000m}{subsection.3.5}% 103
\BOOKMARK [3][-]{subsubsection.3.5.2}{\376\377\000S\000e\000q\000u\000e\000n\000c\000e\000\040\000D\000i\000a\000g\000r\000a\000m}{subsection.3.5}% 104
\BOOKMARK [2][-]{subsection.3.6}{\376\377\000T\000r\000a\000c\000k\000\040\000P\000u\000b\000l\000i\000c\000a\000t\000i\000o\000n\000\040\000T\000r\000e\000n\000d\000s}{section.3}% 105
\BOOKMARK [3][-]{subsubsection.3.6.1}{\376\377\000C\000l\000a\000s\000s\000\040\000D\000i\000a\000g\000r\000a\000m}{subsection.3.6}% 106
\BOOKMARK [3][-]{subsubsection.3.6.2}{\376\377\000S\000e\000q\000u\000e\000n\000c\000e\000\040\000D\000i\000a\000g\000r\000a\000m}{subsection.3.6}% 107
\BOOKMARK [2][-]{subsection.3.7}{\376\377\000V\000i\000e\000w\000\040\000D\000a\000s\000h\000b\000o\000a\000r\000d}{section.3}% 108
\BOOKMARK [3][-]{subsubsection.3.7.1}{\376\377\000C\000l\000a\000s\000s\000\040\000D\000i\000a\000g\000r\000a\000m}{subsection.3.7}% 109
\BOOKMARK [3][-]{subsubsection.3.7.2}{\376\377\000S\000e\000q\000u\000e\000n\000c\000e\000\040\000D\000i\000a\000g\000r\000a\000m}{subsection.3.7}% 110
\BOOKMARK [2][-]{subsection.3.8}{\376\377\000G\000e\000n\000e\000r\000a\000t\000e\000\040\000R\000e\000p\000o\000r\000t\000s}{section.3}% 111
\BOOKMARK [3][-]{subsubsection.3.8.1}{\376\377\000C\000l\000a\000s\000s\000\040\000D\000i\000a\000g\000r\000a\000m}{subsection.3.8}% 112
\BOOKMARK [3][-]{subsubsection.3.8.2}{\376\377\000S\000e\000q\000u\000e\000n\000c\000e\000\040\000D\000i\000a\000g\000r\000a\000m}{subsection.3.8}% 113
\BOOKMARK [2][-]{subsection.3.9}{\376\377\000V\000i\000e\000w\000\040\000T\000r\000e\000n\000d\000i\000n\000g\000\040\000T\000o\000p\000i\000c\000s}{section.3}% 114
\BOOKMARK [3][-]{subsubsection.3.9.1}{\376\377\000C\000l\000a\000s\000s\000\040\000D\000i\000a\000g\000r\000a\000m}{subsection.3.9}% 115
\BOOKMARK [3][-]{subsubsection.3.9.2}{\376\377\000S\000e\000q\000u\000e\000n\000c\000e\000\040\000D\000i\000a\000g\000r\000a\000m}{subsection.3.9}% 116
\BOOKMARK [2][-]{subsection.3.10}{\376\377\000F\000o\000l\000l\000o\000w\000\040\000T\000o\000p\000i\000c\000s}{section.3}% 117
\BOOKMARK [3][-]{subsubsection.3.10.1}{\376\377\000C\000l\000a\000s\000s\000\040\000D\000i\000a\000g\000r\000a\000m}{subsection.3.10}% 118
\BOOKMARK [3][-]{subsubsection.3.10.2}{\376\377\000S\000e\000q\000u\000e\000n\000c\000e\000\040\000D\000i\000a\000g\000r\000a\000m}{subsection.3.10}% 119
\BOOKMARK [2][-]{subsection.3.11}{\376\377\000R\000e\000c\000e\000i\000v\000e\000\040\000N\000o\000t\000i\000f\000i\000c\000a\000t\000i\000o\000n\000s}{section.3}% 120
\BOOKMARK [3][-]{subsubsection.3.11.1}{\376\377\000S\000e\000q\000u\000e\000n\000c\000e\000\040\000D\000i\000a\000g\000r\000a\000m}{subsection.3.11}% 121
\BOOKMARK [2][-]{subsection.3.12}{\376\377\000M\000a\000n\000a\000g\000e\000\040\000S\000y\000s\000t\000e\000m}{section.3}% 122
\BOOKMARK [3][-]{subsubsection.3.12.1}{\376\377\000C\000l\000a\000s\000s\000\040\000D\000i\000a\000g\000r\000a\000m}{subsection.3.12}% 123
\BOOKMARK [3][-]{subsubsection.3.12.2}{\376\377\000S\000e\000q\000u\000e\000n\000c\000e\000\040\000D\000i\000a\000g\000r\000a\000m}{subsection.3.12}% 124
\BOOKMARK [2][-]{subsection.3.13}{\376\377\000M\000a\000n\000a\000g\000e\000\040\000U\000s\000e\000r}{section.3}% 125
\BOOKMARK [3][-]{subsubsection.3.13.1}{\376\377\000C\000l\000a\000s\000s\000\040\000D\000i\000a\000g\000r\000a\000m}{subsection.3.13}% 126
\BOOKMARK [3][-]{subsubsection.3.13.2}{\376\377\000S\000e\000q\000u\000e\000n\000c\000e\000\040\000D\000i\000a\000g\000r\000a\000m}{subsection.3.13}% 127
\BOOKMARK [2][-]{subsection.3.14}{\376\377\000C\000o\000n\000f\000i\000g\000u\000r\000e\000\040\000A\000P\000I\000\040\000S\000o\000u\000r\000c\000e\000s}{section.3}% 128
\BOOKMARK [3][-]{subsubsection.3.14.1}{\376\377\000C\000l\000a\000s\000s\000\040\000D\000i\000a\000g\000r\000a\000m}{subsection.3.14}% 129
\BOOKMARK [3][-]{subsubsection.3.14.2}{\376\377\000S\000e\000q\000u\000e\000n\000c\000e\000\040\000D\000i\000a\000g\000r\000a\000m}{subsection.3.14}% 130
\BOOKMARK [2][-]{subsection.3.15}{\376\377\000S\000y\000n\000c\000\040\000A\000c\000a\000d\000e\000m\000i\000c\000\040\000D\000a\000t\000a}{section.3}% 131
\BOOKMARK [3][-]{subsubsection.3.15.1}{\376\377\000C\000l\000a\000s\000s\000\040\000D\000i\000a\000g\000r\000a\000m}{subsection.3.15}% 132
\BOOKMARK [3][-]{subsubsection.3.15.2}{\376\377\000S\000e\000q\000u\000e\000n\000c\000e\000\040\000D\000i\000a\000g\000r\000a\000m}{subsection.3.15}% 133
\BOOKMARK [1][-]{section*.5}{\376\377\000=\000V\000\040\000S\000O\000F\000T\000W\000A\000R\000E\000\040\000T\000E\000S\000T\000I\000N\000G\000\040\000D\000O\000C\000U\000M\000E\000N\000T}{section*.4}% 134
\BOOKMARK [0][-]{section*.5}{\376\377\000V\000\040\000S\000O\000F\000T\000W\000A\000R\000E\000\040\000T\000E\000S\000T\000I\000N\000G\000\040\000D\000O\000C\000U\000M\000E\000N\000T}{}% 135
\BOOKMARK [1][-]{section.1}{\376\377\000T\000e\000s\000t\000i\000n\000g\000\040\000S\000c\000o\000p\000e}{section*.5}% 136
\BOOKMARK [1][-]{section.2}{\376\377\000T\000e\000s\000t\000\040\000S\000t\000r\000a\000t\000e\000g\000y}{section*.5}% 137
\BOOKMARK [2][-]{subsection.2.1}{\376\377\000T\000e\000s\000t\000i\000n\000g\000\040\000T\000y\000p\000e\000s}{section.2}% 138
\BOOKMARK [2][-]{subsection.2.2}{\376\377\000T\000e\000s\000t\000i\000n\000g\000\040\000L\000e\000v\000e\000l\000s}{section.2}% 139
\BOOKMARK [2][-]{subsection.2.3}{\376\377\000S\000u\000p\000p\000o\000r\000t\000i\000n\000g\000\040\000T\000o\000o\000l\000s}{section.2}% 140
\BOOKMARK [1][-]{section.3}{\376\377\000T\000e\000s\000t\000\040\000P\000l\000a\000n}{section*.5}% 141
\BOOKMARK [2][-]{subsection.3.1}{\376\377\000E\000n\000t\000r\000y\000\040\000C\000r\000i\000t\000e\000r\000i\000a}{section.3}% 142
\BOOKMARK [2][-]{subsection.3.2}{\376\377\000E\000x\000i\000t\000\040\000C\000r\000i\000t\000e\000r\000i\000a}{section.3}% 143
\BOOKMARK [1][-]{section.4}{\376\377\000T\000e\000s\000t\000\040\000C\000a\000s\000e}{section*.5}% 144
\BOOKMARK [2][-]{subsection.4.1}{\376\377\000U\000s\000e\000r\000\040\000R\000e\000g\000i\000s\000t\000r\000a\000t\000i\000o\000n}{section.4}% 145
\BOOKMARK [2][-]{subsection.4.2}{\376\377\000U\000s\000e\000r\000\040\000L\000o\000g\000i\000n}{section.4}% 146
\BOOKMARK [2][-]{subsection.4.3}{\376\377\000S\000e\000a\000r\000c\000h\000\040\000S\000c\000i\000e\000n\000t\000i\000f\000i\000c\000\040\000P\000u\000b\000l\000i\000c\000a\000t\000i\000o\000n}{section.4}% 147
\BOOKMARK [2][-]{subsection.4.4}{\376\377\000M\000a\000n\000a\000g\000e\000\040\000B\000o\000o\000k\000m\000a\000r\000k\000s}{section.4}% 148
\BOOKMARK [2][-]{subsection.4.5}{\376\377\000V\000i\000e\000w\000\040\000T\000r\000e\000n\000d\000i\000n\000g\000\040\000T\000o\000p\000i\000c\000s}{section.4}% 149
\BOOKMARK [2][-]{subsection.4.6}{\376\377\000N\000o\000t\000i\000f\000i\000c\000a\000t\000i\000o\000n\000\040\000M\000a\000n\000a\000g\000e\000m\000e\000n\000t}{section.4}% 150
\BOOKMARK [2][-]{subsection.4.7}{\376\377\000T\000r\000e\000n\000d\000\040\000A\000n\000a\000l\000y\000s\000i\000s}{section.4}% 151
\BOOKMARK [2][-]{subsection.4.8}{\376\377\000A\000d\000m\000i\000n\000\040\000M\000a\000n\000a\000g\000e\000m\000e\000n\000t}{section.4}% 152
\BOOKMARK [2][-]{subsection.4.9}{\376\377\000A\000d\000d\000\040\000N\000e\000w\000\040\000T\000o\000p\000i\000c}{section.4}% 153
\BOOKMARK [2][-]{subsection.4.10}{\376\377\000E\000d\000i\000t\000\040\000E\000x\000i\000s\000t\000i\000n\000g\000\040\000T\000o\000p\000i\000c}{section.4}% 154
\BOOKMARK [2][-]{subsection.4.11}{\376\377\000D\000e\000l\000e\000t\000e\000\040\000T\000o\000p\000i\000c}{section.4}% 155
\BOOKMARK [2][-]{subsection.4.12}{\376\377\000C\000r\000e\000a\000t\000e\000\040\000A\000P\000I\000\040\000S\000o\000u\000r\000c\000e}{section.4}% 156
\BOOKMARK [2][-]{subsection.4.13}{\376\377\000U\000p\000d\000a\000t\000e\000\040\000A\000P\000I\000\040\000S\000o\000u\000r\000c\000e}{section.4}% 157
\BOOKMARK [2][-]{subsection.4.14}{\376\377\000T\000o\000g\000g\000l\000e\000\040\000A\000P\000I\000\040\000S\000o\000u\000r\000c\000e\000\040\000S\000t\000a\000t\000u\000s}{section.4}% 158
\BOOKMARK [2][-]{subsection.4.15}{\376\377\000D\000e\000l\000e\000t\000e\000\040\000A\000P\000I\000\040\000S\000o\000u\000r\000c\000e}{section.4}% 159
\BOOKMARK [2][-]{subsection.4.16}{\376\377\000S\000y\000n\000c\000h\000r\000o\000n\000i\000z\000e\000\040\000D\000a\000t\000a\000\040\000F\000r\000o\000m\000\040\000A\000P\000I}{section.4}% 160
\BOOKMARK [2][-]{subsection.4.17}{\376\377\000A\000d\000d\000\040\000R\000e\000s\000e\000a\000r\000c\000h\000\040\000P\000a\000p\000e\000r}{section.4}% 161
\BOOKMARK [2][-]{subsection.4.18}{\376\377\000U\000p\000d\000a\000t\000e\000\040\000R\000e\000s\000e\000a\000r\000c\000h\000\040\000P\000a\000p\000e\000r}{section.4}% 162
\BOOKMARK [2][-]{subsection.4.19}{\376\377\000D\000e\000l\000e\000t\000e\000\040\000R\000e\000s\000e\000a\000r\000c\000h\000\040\000P\000a\000p\000e\000r}{section.4}% 163
\BOOKMARK [2][-]{subsection.4.20}{\376\377\000C\000r\000e\000a\000t\000e\000\040\000N\000o\000t\000i\000f\000i\000c\000a\000t\000i\000o\000n\000\040\000F\000o\000r\000\040\000O\000n\000e\000\040\000U\000s\000e\000r}{section.4}% 164
\BOOKMARK [2][-]{subsection.4.21}{\376\377\000C\000r\000e\000a\000t\000e\000\040\000N\000o\000t\000i\000f\000i\000c\000a\000t\000i\000o\000n\000\040\000F\000o\000r\000\040\000A\000l\000l\000\040\000A\000c\000t\000i\000v\000e\000\040\000U\000s\000e\000r\000s}{section.4}% 165
\BOOKMARK [1][-]{section*.6}{\376\377\000=\000V\000I\000\040\000.\000\040\000R\000E\000L\000E\000A\000S\000E\000\040\000P\000A\000C\000K\000A\000G\000E\000\040\000A\000N\000D\000\040\000U\000S\000E\000R\000\040\000G\000U\000I\000D\000E}{section*.5}% 166
\BOOKMARK [0][-]{section*.6}{\376\377\000V\000I\000\040\000.\000\040\000R\000E\000L\000E\000A\000S\000E\000\040\000P\000A\000C\000K\000A\000G\000E\000\040\000A\000N\000D\000\040\000U\000S\000E\000R\000\040\000G\000U\000I\000D\000E}{}% 167
\BOOKMARK [1][-]{section.1}{\376\377\000\040\000D\000e\000l\000i\000v\000e\000r\000a\000b\000l\000e\000\040\000P\000a\000c\000k\000a\000g\000e}{section*.6}% 168
\BOOKMARK [1][-]{section.2}{\376\377\000\040\000I\000n\000s\000t\000a\000l\000l\000a\000t\000i\000o\000n\000\040\000G\000u\000i\000d\000e}{section*.6}% 169
\BOOKMARK [2][-]{subsection.2.1}{\376\377\000B\000a\000c\000k\000\040\000e\000n\000d}{section.2}% 170
\BOOKMARK [2][-]{subsection.2.2}{\376\377\000F\000r\000o\000n\000t\000e\000n\000d}{section.2}% 171
\BOOKMARK [1][-]{section.3}{\376\377\000\040\000U\000s\000e\000r\000\040\000m\000a\000n\000u\000a\000l}{section*.6}% 172
